Microchip MPLAB XC8 Compiler V1.20 ()

Linker command line:

-W-2 --edf=C:\Program Files (x86)\Microchip\xc8\v1.20\dat\en_msgs.txt -cs \
  -h+dist/pic16f1459/production\MPLAB.X.production.sym \
  --cmf=dist/pic16f1459/production\MPLAB.X.production.cmf -z -Q16F1459 \
  -oC:\Users\user\AppData\Local\Temp\s4t4.6 \
  -Mdist/pic16f1459/production/MPLAB.X.production.map -E1 -ver=XC8 \
  -ACONST=00h-0FFhx32 -ACODE=00h-07FFhx4 -ASTRCODE=00h-01FFFh \
  -AENTRY=00h-0FFhx32 -ASTRING=00h-0FFhx32 -ACOMMON=070h-07Fh \
  -ABANK0=020h-06Fh -ABANK1=0A0h-0EFh -ABANK2=0120h-016Fh \
  -ABANK3=01A0h-01EFh -ABANK4=0220h-026Fh -ABANK5=02A0h-02EFh \
  -ABANK6=0320h-036Fh -ABANK7=03A0h-03EFh -ABANK8=0420h-046Fh \
  -ABANK9=04A0h-04EFh -ABANK10=0520h-056Fh -ABANK11=05A0h-05EFh \
  -ABANK12=0620h-064Fh -ABIGRAM=02000h-023EFh \
  -ARAM=020h-06Fh,0A0h-0EFh,0120h-016Fh,01A0h-01EFh,0220h-026Fh,02A0h-02EFh,0320h-036Fh,03A0h-03EFh,0420h-046Fh,04A0h-04EFh,0520h-056Fh,05A0h-05EFh,0620h-064Fh \
  -AABS1=020h-07Fh,0A0h-0EFh,0120h-016Fh,01A0h-01EFh,0220h-026Fh,02A0h-02EFh,0320h-036Fh,03A0h-03EFh,0420h-046Fh,04A0h-04EFh,0520h-056Fh,05A0h-05EFh,0620h-064Fh \
  -ASFR0=00h-01Fh -ASFR1=080h-09Fh -ASFR2=0100h-011Fh -ASFR3=0180h-019Fh \
  -ASFR4=0200h-021Fh -ASFR5=0280h-029Fh -ASFR6=0300h-031Fh \
  -ASFR7=0380h-039Fh -ASFR8=0400h-041Fh -ASFR9=0480h-049Fh \
  -ASFR10=0500h-051Fh -ASFR11=0580h-059Fh -ASFR12=0600h-061Fh \
  -ASFR13=0680h-06EFh -ASFR14=0700h-076Fh -ASFR15=0780h-07EFh \
  -ASFR16=0800h-086Fh -ASFR17=0880h-08EFh -ASFR18=0900h-096Fh \
  -ASFR19=0980h-09EFh -ASFR20=0A00h-0A6Fh -ASFR21=0A80h-0AEFh \
  -ASFR22=0B00h-0B6Fh -ASFR23=0B80h-0BEFh -ASFR24=0C00h-0C6Fh \
  -ASFR25=0C80h-0CEFh -ASFR26=0D00h-0D6Fh -ASFR27=0D80h-0DEFh \
  -ASFR28=0E00h-0E6Fh -ASFR29=0E80h-0EEFh -ASFR30=0F00h-0F6Fh \
  -ASFR31=0F80h-0FEFh -preset_vec=00h,intentry=04h,init,end_init \
  -ppowerup=CODE -pfunctab=CODE -ACONFIG=08007h-08008h -pconfig=CONFIG \
  -DCONFIG=2 -AIDLOC=08000h-08003h -pidloc=IDLOC -DIDLOC=2 -DCODE=2 \
  -DSTRCODE=2 -DSTRING=2 -DCONST=2 -DENTRY=2 -k \
  C:\Users\user\AppData\Local\Temp\s4t4.obj \
  dist/pic16f1459/production\MPLAB.X.production.obj 

Object code version is 3.11

Machine type is 16F1459



                Name                               Link     Load   Length Selector   Space Scale
C:\Users\user\AppData\Local\Temp\s4t4.obj
                end_init                              6        6        2        8       0
                reset_vec                             0        0        2        0       0
                config                             8007     8007        2    1000E       0
dist/pic16f1459/production\MPLAB.X.production.obj
                intentry                              4        4        2        8       0
                swtext4                             82E      82E        A     1000       0
                text42                              CF4      CF4       16     19E8       0
                text41                              D7C      D7C       19     1AF8       0
                text40                              CBC      CBC        7     1978       0
                text39                              CAA      CAA        6     1954       0
                text38                              CC3      CC3        7     1986       0
                text37                              F68      F68       4C     1ED0       0
                text36                              CB0      CB0        6     1960       0
                text35                              CA4      CA4        2     1948       0
                text34                              CA6      CA6        4     194C       0
                text33                                2        2        2        0       0
                text32                              7F3      7F3        C      5B4       0
                text31                              EDF      EDF       3F     1DBE       0
                text30                              474      474       81      5B4       0
                text29                              3F0      3F0       84      5B4       0
                swtext3                             824      824        A     1000       0
                text28                              D0A      D0A       16     1A14       0
                swtext2                             81A      81A        A     1000       0
                text27                              D20      D20       16     1A40       0
                text26                              74A      74A       5A      5B4       0
                text25                              CCA      CCA        7     1994       0
                text24                              E18      E18       2D     1C30       0
                text23                              DF1      DF1       27     1BE2       0
                text22                              D4C      D4C       18     1A98       0
                text21                              EA7      EA7       38     1D4E       0
                text20                              D64      D64       18     1AC8       0
                text19                              CE1      CE1       13     19C2       0
                text18                              CD1      CD1       10     19A2       0
                text17                              DCD      DCD       24     1B9A       0
                text16                              62C      62C       62      5B4       0
                text15                              6EC      6EC       5E      5B4       0
                text14                              FB4      FB4       4C     1F68       0
                text13                              36C      36C       84      5B4       0
                text12                              D36      D36       16     1A6C       0
                text11                              68E      68E       5E      5B4       0
                text10                              564      564       66      5B4       0
                text9                               7A4      7A4       4F      5B4       0
                text8                                 8        8      10E        8       0
                swtext1                             800      800       1A     1000       0
                text7                               F1E      F1E       4A     1E3C       0
                text6                               E74      E74       33     1CE8       0
                text5                               2DA      2DA       92      5B4       0
                text4                               E45      E45       2F     1C8A       0
                text3                               4F5      4F5       6F      5B4       0
                text2                               5CA      5CA       62      5B4       0
                text1                               116      116       F5        8       0
                maintext                            DB0      DB0       1D     1B60       0
                cstackBANK0                          62       62        E       50       1
                cstackCOMMON                         70       70        E       70       1
                clrtext                             CB6      CB6        6     196C       0
                bssBANK2                            120      120        D      120       1
                bssBANK1                             E0       E0       10       E0       1
                bssBANK0                             50       50       12       50       1
                cinit                               D95      D95       1B     1B2A       0
                strings                             20B      20B       CF      416       0

TOTAL           Name                               Link     Load   Length     Space
        CLASS   CONST          
                swtext4                             82E      82E        A         0
                swtext3                             824      824        A         0
                swtext2                             81A      81A        A         0
                swtext1                             800      800       1A         0

        CLASS   CODE           
                end_init                              6        6        2         0
                intentry                              4        4        2         0
                reset_vec                             0        0        2         0
                text42                              CF4      CF4       16         0
                text41                              D7C      D7C       19         0
                text40                              CBC      CBC        7         0
                text39                              CAA      CAA        6         0
                text38                              CC3      CC3        7         0
                text37                              F68      F68       4C         0
                text36                              CB0      CB0        6         0
                text35                              CA4      CA4        2         0
                text34                              CA6      CA6        4         0
                text33                                2        2        2         0
                text32                              7F3      7F3        C         0
                text31                              EDF      EDF       3F         0
                text30                              474      474       81         0
                text29                              3F0      3F0       84         0
                text28                              D0A      D0A       16         0
                text27                              D20      D20       16         0
                text26                              74A      74A       5A         0
                text25                              CCA      CCA        7         0
                text24                              E18      E18       2D         0
                text23                              DF1      DF1       27         0
                text22                              D4C      D4C       18         0
                text21                              EA7      EA7       38         0
                text20                              D64      D64       18         0
                text19                              CE1      CE1       13         0
                text18                              CD1      CD1       10         0
                text17                              DCD      DCD       24         0
                text16                              62C      62C       62         0
                text15                              6EC      6EC       5E         0
                text14                              FB4      FB4       4C         0
                text13                              36C      36C       84         0
                text12                              D36      D36       16         0
                text11                              68E      68E       5E         0
                text10                              564      564       66         0
                text9                               7A4      7A4       4F         0
                text8                                 8        8      10E         0
                text7                               F1E      F1E       4A         0
                text6                               E74      E74       33         0
                text5                               2DA      2DA       92         0
                text4                               E45      E45       2F         0
                text3                               4F5      4F5       6F         0
                text2                               5CA      5CA       62         0
                text1                               116      116       F5         0
                maintext                            DB0      DB0       1D         0
                clrtext                             CB6      CB6        6         0
                cinit                               D95      D95       1B         0

        CLASS   STRCODE        

        CLASS   ENTRY          

        CLASS   STRING         
                strings                             20B      20B       CF         0

        CLASS   COMMON         
                cstackCOMMON                         70       70        E         1

        CLASS   BANK0          
                cstackBANK0                          62       62        E         1
                bssBANK0                             50       50       12         1

        CLASS   BANK1          
                bssBANK1                             E0       E0       10         1

        CLASS   BANK2          
                bssBANK2                            120      120        D         1

        CLASS   BANK3          

        CLASS   BANK4          

        CLASS   BANK5          

        CLASS   BANK6          

        CLASS   BANK7          

        CLASS   BANK8          

        CLASS   BANK9          

        CLASS   BANK10         

        CLASS   BANK11         

        CLASS   BANK12         

        CLASS   BIGRAM         

        CLASS   RAM            

        CLASS   ABS1           
                abs_s1                               20       20       30         1
                abs_s1                               7E       7E        2         1
                abs_s1                               A0       A0       40         1
                abs_s1                              1A0      1A0        4         1

        CLASS   SFR0           

        CLASS   SFR1           

        CLASS   SFR2           

        CLASS   SFR3           

        CLASS   SFR4           

        CLASS   SFR5           

        CLASS   SFR6           

        CLASS   SFR7           

        CLASS   SFR8           

        CLASS   SFR9           

        CLASS   SFR10          

        CLASS   SFR11          

        CLASS   SFR12          

        CLASS   SFR13          

        CLASS   SFR14          

        CLASS   SFR15          

        CLASS   SFR16          

        CLASS   SFR17          

        CLASS   SFR18          

        CLASS   SFR19          

        CLASS   SFR20          

        CLASS   SFR21          

        CLASS   SFR22          

        CLASS   SFR23          

        CLASS   SFR24          

        CLASS   SFR25          

        CLASS   SFR26          

        CLASS   SFR27          

        CLASS   SFR28          

        CLASS   SFR29          

        CLASS   SFR30          

        CLASS   SFR31          

        CLASS   CONFIG         
                config                             8007     8007        2         0

        CLASS   IDLOC          

        CLASS   BANK31         

        CLASS   BANK30         

        CLASS   BANK29         

        CLASS   BANK28         

        CLASS   BANK27         

        CLASS   BANK26         

        CLASS   BANK25         

        CLASS   BANK24         

        CLASS   BANK23         

        CLASS   BANK22         

        CLASS   BANK21         

        CLASS   BANK20         

        CLASS   BANK19         

        CLASS   BANK18         

        CLASS   BANK17         

        CLASS   BANK16         

        CLASS   BANK15         

        CLASS   BANK14         

        CLASS   BANK13         

        CLASS   EEDATA         



SEGMENTS        Name                           Load    Length   Top    Selector   Space  Class     Delta

                reset_vec                      000000  000004  000004         0       0  CODE        2
                intentry                       000004  000207  00020B         8       0  CODE        2
                bssBANK0                       000050  000020  000070        50       1  BANK0       1
                cstackCOMMON                   000070  00000E  00007E        70       1  COMMON      1
                bssBANK1                       0000E0  000010  0000F0        E0       1  BANK1       1
                bssBANK2                       000120  00000D  00012D       120       1  BANK2       1
                strings                        00020B  0000CF  0002DA       416       0  STRING      2
                text5                          0002DA  000525  0007FF       5B4       0  CODE        2
                swtext1                        000800  000038  000838      1000       0  CONST       2
                text35                         000CA4  000002  000CA6      1948       0  CODE        2
                text34                         000CA6  000004  000CAA      194C       0  CODE        2
                text39                         000CAA  000006  000CB0      1954       0  CODE        2
                text36                         000CB0  000006  000CB6      1960       0  CODE        2
                clrtext                        000CB6  000006  000CBC      196C       0  CODE        2
                text40                         000CBC  000007  000CC3      1978       0  CODE        2
                text38                         000CC3  000007  000CCA      1986       0  CODE        2
                text25                         000CCA  000007  000CD1      1994       0  CODE        2
                text18                         000CD1  000010  000CE1      19A2       0  CODE        2
                text19                         000CE1  000013  000CF4      19C2       0  CODE        2
                text42                         000CF4  000016  000D0A      19E8       0  CODE        2
                text28                         000D0A  000016  000D20      1A14       0  CODE        2
                text27                         000D20  000016  000D36      1A40       0  CODE        2
                text12                         000D36  000016  000D4C      1A6C       0  CODE        2
                text22                         000D4C  000018  000D64      1A98       0  CODE        2
                text20                         000D64  000018  000D7C      1AC8       0  CODE        2
                text41                         000D7C  000019  000D95      1AF8       0  CODE        2
                cinit                          000D95  00001B  000DB0      1B2A       0  CODE        2
                maintext                       000DB0  00001D  000DCD      1B60       0  CODE        2
                text17                         000DCD  000024  000DF1      1B9A       0  CODE        2
                text23                         000DF1  000027  000E18      1BE2       0  CODE        2
                text24                         000E18  00002D  000E45      1C30       0  CODE        2
                text4                          000E45  00002F  000E74      1C8A       0  CODE        2
                text6                          000E74  000033  000EA7      1CE8       0  CODE        2
                text21                         000EA7  000038  000EDF      1D4E       0  CODE        2
                text31                         000EDF  00003F  000F1E      1DBE       0  CODE        2
                text7                          000F1E  00004A  000F68      1E3C       0  CODE        2
                text37                         000F68  00004C  000FB4      1ED0       0  CODE        2
                text14                         000FB4  00004C  001000      1F68       0  CODE        2
                config                         008007  000002  008009     1000E       0  CONFIG      2


UNUSED ADDRESS RANGES

        Name                Unused          Largest block    Delta
        BANK10           00520-0056F              50           1
        BANK11           005A0-005EF              50           1
        BANK12           00620-0064F              30           1
        BANK2            0012D-0016F              43           1
        BANK3            001A4-001EF              4C           1
        BANK4            00220-0026F              50           1
        BANK5            002A0-002EF              50           1
        BANK6            00320-0036F              50           1
        BANK7            003A0-003EF              50           1
        BANK8            00420-0046F              50           1
        BANK9            004A0-004EF              50           1
        BIGRAM           02000-023EF             3F0           1
        CODE             007FF-007FF               1           2
                         00838-00CA3             46C
                         01000-01FFF             800
        CONST            007FF-007FF               1           2
                         00838-00CA3             100
                         01000-01FFF             100
        ENTRY            007FF-007FF               1           2
                         00838-00CA3             100
                         01000-01FFF             100
        IDLOC            08000-08003               4           2
        RAM              0012D-0016F              43           1
                         001A4-001EF              4C
                         00220-0026F              50
                         002A0-002EF              50
                         00320-0036F              50
                         003A0-003EF              50
                         00420-0046F              50
                         004A0-004EF              50
                         00520-0056F              50
                         005A0-005EF              50
                         00620-0064F              30
        SFR0             00000-0001F              20           1
        SFR1             00080-0009F              20           1
        SFR10            00500-0051F              20           1
        SFR11            00580-0059F              20           1
        SFR12            00600-0061F              20           1
        SFR13            00680-006EF              70           1
        SFR14            00700-0076F              70           1
        SFR15            00780-007EF              70           1
        SFR16            00800-0086F              70           1
        SFR17            00880-008EF              70           1
        SFR18            00900-0096F              70           1
        SFR19            00980-009EF              70           1
        SFR2             00100-0011F              20           1
        SFR20            00A00-00A6F              70           1
        SFR21            00A80-00AEF              70           1
        SFR22            00B00-00B6F              70           1
        SFR23            00B80-00BEF              70           1
        SFR24            00C00-00C6F              70           1
        SFR25            00C80-00CEF              70           1
        SFR26            00D00-00D6F              70           1
        SFR27            00D80-00DEF              70           1
        SFR28            00E00-00E6F              70           1
        SFR29            00E80-00EEF              70           1
        SFR3             00180-0019F              20           1
        SFR30            00F00-00F6F              70           1
        SFR31            00F80-00FEF              70           1
        SFR4             00200-0021F              20           1
        SFR5             00280-0029F              20           1
        SFR6             00300-0031F              20           1
        SFR7             00380-0039F              20           1
        SFR8             00400-0041F              20           1
        SFR9             00480-0049F              20           1
        STRCODE          007FF-007FF               1           2
                         00838-00CA3             46C
                         01000-01FFF            1000
        STRING           007FF-007FF               1           2
                         00838-00CA3             100
                         01000-01FFF             100

                                  Symbol Table

?_SendMidiData                            cstackCOMMON 00071
?_USBConfigureEndpoint                    cstackCOMMON 00070
?_USBEnableEndpoint                       cstackCOMMON 00074
?_USBTransferOnePacket                    cstackCOMMON 00070
?_USER_USB_CALLBACK_EVENT_HANDLER         cstackBANK0  00062
?_memset                                  cstackCOMMON 00070
APP_LEDUpdateUSBStatus@ledCount           bssBANK0     00050
LED_Enable@led                            cstackCOMMON 00070
LED_Off@led                               cstackCOMMON 00070
LED_On@led                                cstackCOMMON 00070
SPI_Exchange8bit@data                     cstackCOMMON 00070
SYSTEM_Initialize@state                   cstackCOMMON 00071
SendMidiData@header                       cstackCOMMON 00075
SendMidiData@midi_status                  cstackCOMMON 00072
SendMidiData@timeout_ms                   cstackCOMMON 00076
SendMidiData@timestamp                    cstackCOMMON 00071
SendMidiData@tone                         cstackCOMMON 00073
SendMidiData@velocity                     cstackCOMMON 00074
USBConfigureEndpoint@EPNum                cstackCOMMON 00072
USBConfigureEndpoint@direction            cstackCOMMON 00070
USBConfigureEndpoint@handle               cstackCOMMON 00073
USBCtrlEPService@setup_cnt                cstackBANK0  0006D
USBCtrlTrfInHandler@lastDTS               cstackCOMMON 00073
USBCtrlTrfRxService@byteToRead            cstackCOMMON 00075
USBCtrlTrfRxService@i                     cstackCOMMON 00074
USBCtrlTrfTxService@byteToSend            cstackCOMMON 00070
USBDeviceInit@i                           cstackCOMMON 00075
USBDeviceInit@i_1908                      cstackCOMMON 00074
USBDeviceInit@p                           cstackCOMMON 00072
USBDeviceTasks@i                          cstackBANK0  0006F
USBEnableEndpoint@ep                      cstackCOMMON 00079
USBEnableEndpoint@options                 cstackCOMMON 00074
USBEnableEndpoint@p                       cstackCOMMON 00077
USBStdFeatureReqHandler@current_ep_data   cstackBANK0  00069
USBStdFeatureReqHandler@p                 cstackBANK0  0006A
USBStdFeatureReqHandler@pUEP              cstackBANK0  00067
USBStdGetStatusHandler@p                  cstackCOMMON 00070
USBStdSetCfgHandler@i                     cstackCOMMON 0007D
USBStdSetCfgHandler@i_2236                cstackCOMMON 0007C
USBStdSetCfgHandler@p                     cstackCOMMON 0007A
USBTransferOnePacket@data                 cstackCOMMON 00071
USBTransferOnePacket@dir                  cstackCOMMON 00070
USBTransferOnePacket@ep                   cstackCOMMON 00076
USBTransferOnePacket@handle               cstackCOMMON 00077
USBTransferOnePacket@len                  cstackCOMMON 00073
USER_USB_CALLBACK_EVENT_HANDLER@event     cstackBANK0  00062
_ACTCON                                   (abs)        0039B
_APP_DeviceAudioMIDIInitialize            text22       00D4C
_APP_DeviceAudioMIDISOFHandler            text25       00CCA
_APP_DeviceAudioMIDITasks                 text30       00474
_APP_DeviceAudioMIDITasks$422             cstackCOMMON 0007B
_APP_LEDUpdateUSBStatus                   text26       0074A
_BDT                                      (abs)        00020
_BLEDeviceInit                            text38       00CC3
_BothEP0OutUOWNsSet                       bssBANK2     0012A
_CtrlTrfData                              (abs)        00048
_LATBbits                                 (abs)        0010D
_LATCbits                                 (abs)        0010E
_LED_Enable                               text42       00CF4
_LED_Off                                  text28       00D0A
_LED_On                                   text27       00D20
_OSCCON                                   (abs)        00099
_PIE2bits                                 (abs)        00092
_PIN_MANAGER_Initialize                   text40       00CBC
_PIR2bits                                 (abs)        00012
_PORTBbits                                (abs)        0000D
_ReceivedDataBuffer                       (abs)        000A0
_RemoteWakeup                             bssBANK1     000E2
_SPI_ClearReceiveOverflowStatus           text35       00CA4
_SPI_ClearWriteCollisionStatus            text33       00002
_SPI_Exchange8bit                         text32       007F3
_SPI_HasReceiveOverflowOccured            text36       00CB0
_SPI_HasWriteCollisionOccured             text34       00CA6
_SPI_Initialize                           text39       00CAA
_SSP1CON1                                 (abs)        00215
_SSP1CON1bits                             (abs)        00215
_SSP1CON3                                 (abs)        00217
_SSP1STAT                                 (abs)        00214
_SSP1STATbits                             (abs)        00214
_SSPBUF                                   (abs)        00211
_SYSTEM_Initialize                        text41       00D7C
_SYS_InterruptHigh                        intentry     00004
_SendMidiData                             text31       00EDF
_SetupPkt                                 (abs)        00040
_TRISBbits                                (abs)        0008D
_TRISCbits                                (abs)        0008E
_UADDR                                    (abs)        00E96
_UCFG                                     (abs)        00E91
_UCON                                     (abs)        00E8E
_UCONbits                                 (abs)        00E8E
_UEIE                                     (abs)        00E97
_UEIR                                     (abs)        00E93
_UEP0                                     (abs)        00E98
_UEP0bits                                 (abs)        00E98
_UEP1                                     (abs)        00E99
_UIE                                      (abs)        00E92
_UIEbits                                  (abs)        00E92
_UIR                                      (abs)        00E90
_UIRbits                                  (abs)        00E90
_USBActiveConfiguration                   bssBANK0     0005F
_USBAlternateInterface                    bssBANK0     00060
_USBBusIsSuspended                        bssBANK1     000E3
_USBCheckStdRequest                       text7        00F1E
_USBConfigureEndpoint                     text24       00E18
_USBCtrlEPAllowDataStage                  text14       00FB4
_USBCtrlEPAllowStatusStage                text16       0062C
_USBCtrlEPService                         text2        005CA
_USBCtrlEPServiceComplete                 text13       0036C
_USBCtrlTrfInHandler                      text3        004F5
_USBCtrlTrfOutHandler                     text4        00E45
_USBCtrlTrfRxService                      text5        002DA
_USBCtrlTrfSetupHandler                   text6        00E74
_USBCtrlTrfTxService                      text15       006EC
_USBDeferINDataStagePackets               bssBANK1     000E4
_USBDeferOUTDataStagePackets              bssBANK1     000E5
_USBDeferStatusStagePacket                bssBANK0     00054
_USBDeviceInit                            text29       003F0
_USBDeviceState                           bssBANK0     00055
_USBDeviceTasks                           text1        00116
_USBEnableEndpoint                        text23       00DF1
_USBIncrement1msInternalTimers            text18       00CD1
_USBRxHandle                              bssBANK1     000E6
_USBStallHandler                          text17       00DCD
_USBStatusStageEnabledFlag1               bssBANK1     000E7
_USBStatusStageEnabledFlag2               bssBANK1     000E8
_USBStatusStageTimeoutCounter             bssBANK1     000E9
_USBStdFeatureReqHandler                  text8        00008
_USBStdGetDscHandler                      text10       00564
_USBStdGetStatusHandler                   text9        007A4
_USBStdSetCfgHandler                      text11       0068E
_USBSuspend                               text19       00CE1
_USBTicksSinceSuspendEnd                  bssBANK2     0012B
_USBTransferOnePacket                     text37       00F68
_USBTxHandle                              bssBANK2     0012C
_USBWakeFromSuspend                       text20       00D64
_USB_CD_Ptr                               strings      0020F
_USB_SD_Ptr                               strings      0020C
_USER_USB_CALLBACK_EVENT_HANDLER          text21       00EA7
_USTAT                                    (abs)        00E8F
_USTATcopy                                bssBANK0     00061
__CFG_BOREN$ON                            (abs)        00000
__CFG_BORV$LO                             (abs)        00000
__CFG_CLKOUTEN$OFF                        (abs)        00000
__CFG_CP$OFF                              (abs)        00000
__CFG_CPUDIV$NOCLKDIV                     (abs)        00000
__CFG_FCMEN$OFF                           (abs)        00000
__CFG_FOSC$INTOSC                         (abs)        00000
__CFG_IESO$OFF                            (abs)        00000
__CFG_LPBOR$OFF                           (abs)        00000
__CFG_LVP$OFF                             (abs)        00000
__CFG_MCLRE$ON                            (abs)        00000
__CFG_PLLEN$ENABLED                       (abs)        00000
__CFG_PLLMULT$3x                          (abs)        00000
__CFG_PWRTE$OFF                           (abs)        00000
__CFG_STVREN$ON                           (abs)        00000
__CFG_USBLSCLK$48MHz                      (abs)        00000
__CFG_WDTE$ON                             (abs)        00000
__CFG_WRT$OFF                             (abs)        00000
__Habs1                                   abs1         00000
__Hbank0                                  bank0        00000
__Hbank1                                  bank1        00000
__Hbank10                                 bank10       00000
__Hbank11                                 bank11       00000
__Hbank12                                 bank12       00000
__Hbank13                                 bank13       00000
__Hbank14                                 bank14       00000
__Hbank15                                 bank15       00000
__Hbank16                                 bank16       00000
__Hbank17                                 bank17       00000
__Hbank18                                 bank18       00000
__Hbank19                                 bank19       00000
__Hbank2                                  bank2        00000
__Hbank20                                 bank20       00000
__Hbank21                                 bank21       00000
__Hbank22                                 bank22       00000
__Hbank23                                 bank23       00000
__Hbank24                                 bank24       00000
__Hbank25                                 bank25       00000
__Hbank26                                 bank26       00000
__Hbank27                                 bank27       00000
__Hbank28                                 bank28       00000
__Hbank29                                 bank29       00000
__Hbank3                                  bank3        00000
__Hbank30                                 bank30       00000
__Hbank31                                 bank31       00000
__Hbank4                                  bank4        00000
__Hbank5                                  bank5        00000
__Hbank6                                  bank6        00000
__Hbank7                                  bank7        00000
__Hbank8                                  bank8        00000
__Hbank9                                  bank9        00000
__Hbigram                                 bigram       00000
__HbssBANK0                               bssBANK0     00000
__HbssBANK1                               bssBANK1     00000
__HbssBANK2                               bssBANK2     00000
__Hcinit                                  cinit        00000
__Hclrtext                                clrtext      00000
__Hcode                                   code         00000
__Hcommon                                 common       00000
__Hconfig                                 config       08009
__HcstackBANK0                            cstackBANK0  00000
__HcstackCOMMON                           cstackCOMMON 00000
__Heeprom_data                            eeprom_data  00000
__Hend_init                               end_init     00008
__Hfunctab                                functab      00000
__Hidloc                                  idloc        00000
__Hinit                                   init         00006
__Hintentry                               intentry     00006
__Hmaintext                               maintext     00000
__Hpowerup                                powerup      00000
__Hram                                    ram          00000
__Hreset_vec                              reset_vec    00002
__Hsfr0                                   sfr0         00000
__Hsfr1                                   sfr1         00000
__Hsfr10                                  sfr10        00000
__Hsfr11                                  sfr11        00000
__Hsfr12                                  sfr12        00000
__Hsfr13                                  sfr13        00000
__Hsfr14                                  sfr14        00000
__Hsfr15                                  sfr15        00000
__Hsfr16                                  sfr16        00000
__Hsfr17                                  sfr17        00000
__Hsfr18                                  sfr18        00000
__Hsfr19                                  sfr19        00000
__Hsfr2                                   sfr2         00000
__Hsfr20                                  sfr20        00000
__Hsfr21                                  sfr21        00000
__Hsfr22                                  sfr22        00000
__Hsfr23                                  sfr23        00000
__Hsfr24                                  sfr24        00000
__Hsfr25                                  sfr25        00000
__Hsfr26                                  sfr26        00000
__Hsfr27                                  sfr27        00000
__Hsfr28                                  sfr28        00000
__Hsfr29                                  sfr29        00000
__Hsfr3                                   sfr3         00000
__Hsfr30                                  sfr30        00000
__Hsfr31                                  sfr31        00000
__Hsfr4                                   sfr4         00000
__Hsfr5                                   sfr5         00000
__Hsfr6                                   sfr6         00000
__Hsfr7                                   sfr7         00000
__Hsfr8                                   sfr8         00000
__Hsfr9                                   sfr9         00000
__Hstrings                                strings      00000
__Htext                                   text         00000
__Labs1                                   abs1         00000
__Lbank0                                  bank0        00000
__Lbank1                                  bank1        00000
__Lbank10                                 bank10       00000
__Lbank11                                 bank11       00000
__Lbank12                                 bank12       00000
__Lbank13                                 bank13       00000
__Lbank14                                 bank14       00000
__Lbank15                                 bank15       00000
__Lbank16                                 bank16       00000
__Lbank17                                 bank17       00000
__Lbank18                                 bank18       00000
__Lbank19                                 bank19       00000
__Lbank2                                  bank2        00000
__Lbank20                                 bank20       00000
__Lbank21                                 bank21       00000
__Lbank22                                 bank22       00000
__Lbank23                                 bank23       00000
__Lbank24                                 bank24       00000
__Lbank25                                 bank25       00000
__Lbank26                                 bank26       00000
__Lbank27                                 bank27       00000
__Lbank28                                 bank28       00000
__Lbank29                                 bank29       00000
__Lbank3                                  bank3        00000
__Lbank30                                 bank30       00000
__Lbank31                                 bank31       00000
__Lbank4                                  bank4        00000
__Lbank5                                  bank5        00000
__Lbank6                                  bank6        00000
__Lbank7                                  bank7        00000
__Lbank8                                  bank8        00000
__Lbank9                                  bank9        00000
__Lbigram                                 bigram       00000
__LbssBANK0                               bssBANK0     00000
__LbssBANK1                               bssBANK1     00000
__LbssBANK2                               bssBANK2     00000
__Lcinit                                  cinit        00000
__Lclrtext                                clrtext      00000
__Lcode                                   code         00000
__Lcommon                                 common       00000
__Lconfig                                 config       08007
__LcstackBANK0                            cstackBANK0  00000
__LcstackCOMMON                           cstackCOMMON 00000
__Leeprom_data                            eeprom_data  00000
__Lend_init                               end_init     00006
__Lfunctab                                functab      00000
__Lidloc                                  idloc        00000
__Linit                                   init         00006
__Lintentry                               intentry     00004
__Lmaintext                               maintext     00000
__Lpowerup                                powerup      00000
__Lram                                    ram          00000
__Lreset_vec                              reset_vec    00000
__Lsfr0                                   sfr0         00000
__Lsfr1                                   sfr1         00000
__Lsfr10                                  sfr10        00000
__Lsfr11                                  sfr11        00000
__Lsfr12                                  sfr12        00000
__Lsfr13                                  sfr13        00000
__Lsfr14                                  sfr14        00000
__Lsfr15                                  sfr15        00000
__Lsfr16                                  sfr16        00000
__Lsfr17                                  sfr17        00000
__Lsfr18                                  sfr18        00000
__Lsfr19                                  sfr19        00000
__Lsfr2                                   sfr2         00000
__Lsfr20                                  sfr20        00000
__Lsfr21                                  sfr21        00000
__Lsfr22                                  sfr22        00000
__Lsfr23                                  sfr23        00000
__Lsfr24                                  sfr24        00000
__Lsfr25                                  sfr25        00000
__Lsfr26                                  sfr26        00000
__Lsfr27                                  sfr27        00000
__Lsfr28                                  sfr28        00000
__Lsfr29                                  sfr29        00000
__Lsfr3                                   sfr3         00000
__Lsfr30                                  sfr30        00000
__Lsfr31                                  sfr31        00000
__Lsfr4                                   sfr4         00000
__Lsfr5                                   sfr5         00000
__Lsfr6                                   sfr6         00000
__Lsfr7                                   sfr7         00000
__Lsfr8                                   sfr8         00000
__Lsfr9                                   sfr9         00000
__Lstrings                                strings      00000
__Ltext                                   text         00000
__S0                                      (abs)        08009
__S1                                      (abs)        0012D
___latbits                                (abs)        00002
__end_of_APP_DeviceAudioMIDIInitialize    text22       00D64
__end_of_APP_DeviceAudioMIDISOFHandler    text25       00CD1
__end_of_APP_DeviceAudioMIDITasks         text30       004F5
__end_of_APP_LEDUpdateUSBStatus           text26       007A4
__end_of_BLEDeviceInit                    text38       00CCA
__end_of_LED_Enable                       text42       00D0A
__end_of_LED_Off                          text28       00D20
__end_of_LED_On                           text27       00D36
__end_of_PIN_MANAGER_Initialize           text40       00CC3
__end_of_SPI_ClearReceiveOverflowStatus   text35       00CA6
__end_of_SPI_ClearWriteCollisionStatus    text33       00004
__end_of_SPI_Exchange8bit                 text32       007FF
__end_of_SPI_HasReceiveOverflowOccured    text36       00CB6
__end_of_SPI_HasWriteCollisionOccured     text34       00CAA
__end_of_SPI_Initialize                   text39       00CB0
__end_of_SYSTEM_Initialize                text41       00D95
__end_of_SYS_InterruptHigh                intentry     00006
__end_of_SendMidiData                     text31       00F1E
__end_of_USBCheckStdRequest               text7        00F68
__end_of_USBConfigureEndpoint             text24       00E45
__end_of_USBCtrlEPAllowDataStage          text14       01000
__end_of_USBCtrlEPAllowStatusStage        text16       0068E
__end_of_USBCtrlEPService                 text2        0062C
__end_of_USBCtrlEPServiceComplete         text13       003F0
__end_of_USBCtrlTrfInHandler              text3        00564
__end_of_USBCtrlTrfOutHandler             text4        00E74
__end_of_USBCtrlTrfRxService              text5        0036C
__end_of_USBCtrlTrfSetupHandler           text6        00EA7
__end_of_USBCtrlTrfTxService              text15       0074A
__end_of_USBDeviceInit                    text29       00474
__end_of_USBDeviceTasks                   text1        0020B
__end_of_USBEnableEndpoint                text23       00E18
__end_of_USBIncrement1msInternalTimers    text18       00CE1
__end_of_USBStallHandler                  text17       00DF1
__end_of_USBStdFeatureReqHandler          text8        00116
__end_of_USBStdGetDscHandler              text10       005CA
__end_of_USBStdGetStatusHandler           text9        007F3
__end_of_USBStdSetCfgHandler              text11       006EC
__end_of_USBSuspend                       text19       00CF4
__end_of_USBTransferOnePacket             text37       00FB4
__end_of_USBWakeFromSuspend               text20       00D7C
__end_of_USB_CD_Ptr                       strings      00210
__end_of_USB_SD_Ptr                       strings      0020F
__end_of_USER_USB_CALLBACK_EVENT_HANDLER  text21       00EDF
__end_of__initialization                  cinit        00DAD
__end_of__stringtab                       strings      0020C
__end_of_configDescriptor1                strings      00275
__end_of_device_dsc                       strings      002D5
__end_of_main                             maintext     00DCD
__end_of_memset                           text12       00D4C
__end_of_sd000                            strings      002D9
__end_of_sd001                            strings      002A9
__end_of_sd002                            strings      002C3
__end_ofprocess_level@midi_shift          strings      002DA
__initialization                          cinit        00D95
__pbssBANK0                               bssBANK0     00050
__pbssBANK1                               bssBANK1     000E0
__pbssBANK2                               bssBANK2     00120
__pcstackBANK0                            cstackBANK0  00062
__pcstackCOMMON                           cstackCOMMON 00070
__pintentry                               intentry     00004
__pmaintext                               maintext     00DB0
__pstrings                                strings      0020B
__pswtext1                                swtext1      00800
__pswtext2                                swtext2      0081A
__pswtext3                                swtext3      00824
__pswtext4                                swtext4      0082E
__ptext1                                  text1        00116
__ptext10                                 text10       00564
__ptext11                                 text11       0068E
__ptext12                                 text12       00D36
__ptext13                                 text13       0036C
__ptext14                                 text14       00FB4
__ptext15                                 text15       006EC
__ptext16                                 text16       0062C
__ptext17                                 text17       00DCD
__ptext18                                 text18       00CD1
__ptext19                                 text19       00CE1
__ptext2                                  text2        005CA
__ptext20                                 text20       00D64
__ptext21                                 text21       00EA7
__ptext22                                 text22       00D4C
__ptext23                                 text23       00DF1
__ptext24                                 text24       00E18
__ptext25                                 text25       00CCA
__ptext26                                 text26       0074A
__ptext27                                 text27       00D20
__ptext28                                 text28       00D0A
__ptext29                                 text29       003F0
__ptext3                                  text3        004F5
__ptext30                                 text30       00474
__ptext31                                 text31       00EDF
__ptext32                                 text32       007F3
__ptext33                                 text33       00002
__ptext34                                 text34       00CA6
__ptext35                                 text35       00CA4
__ptext36                                 text36       00CB0
__ptext37                                 text37       00F68
__ptext38                                 text38       00CC3
__ptext39                                 text39       00CAA
__ptext4                                  text4        00E45
__ptext40                                 text40       00CBC
__ptext41                                 text41       00D7C
__ptext42                                 text42       00CF4
__ptext5                                  text5        002DA
__ptext6                                  text6        00E74
__ptext7                                  text7        00F1E
__ptext8                                  text8        00008
__ptext9                                  text9        007A4
__size_of_APP_DeviceAudioMIDIInitialize   (abs)        00000
__size_of_APP_DeviceAudioMIDISOFHandler   (abs)        00000
__size_of_APP_DeviceAudioMIDITasks        (abs)        00000
__size_of_APP_LEDUpdateUSBStatus          (abs)        00000
__size_of_BLEDeviceInit                   (abs)        00000
__size_of_LED_Enable                      (abs)        00000
__size_of_LED_Off                         (abs)        00000
__size_of_LED_On                          (abs)        00000
__size_of_PIN_MANAGER_Initialize          (abs)        00000
__size_of_SPI_ClearReceiveOverflowStatus  (abs)        00000
__size_of_SPI_ClearWriteCollisionStatus   (abs)        00000
__size_of_SPI_Exchange8bit                (abs)        00000
__size_of_SPI_HasReceiveOverflowOccured   (abs)        00000
__size_of_SPI_HasWriteCollisionOccured    (abs)        00000
__size_of_SPI_Initialize                  (abs)        00000
__size_of_SYSTEM_Initialize               (abs)        00000
__size_of_SYS_InterruptHigh               (abs)        00000
__size_of_SendMidiData                    (abs)        00000
__size_of_USBCheckStdRequest              (abs)        00000
__size_of_USBConfigureEndpoint            (abs)        00000
__size_of_USBCtrlEPAllowDataStage         (abs)        00000
__size_of_USBCtrlEPAllowStatusStage       (abs)        00000
__size_of_USBCtrlEPService                (abs)        00000
__size_of_USBCtrlEPServiceComplete        (abs)        00000
__size_of_USBCtrlTrfInHandler             (abs)        00000
__size_of_USBCtrlTrfOutHandler            (abs)        00000
__size_of_USBCtrlTrfRxService             (abs)        00000
__size_of_USBCtrlTrfSetupHandler          (abs)        00000
__size_of_USBCtrlTrfTxService             (abs)        00000
__size_of_USBDeviceInit                   (abs)        00000
__size_of_USBDeviceTasks                  (abs)        00000
__size_of_USBEnableEndpoint               (abs)        00000
__size_of_USBIncrement1msInternalTimers   (abs)        00000
__size_of_USBStallHandler                 (abs)        00000
__size_of_USBStdFeatureReqHandler         (abs)        00000
__size_of_USBStdGetDscHandler             (abs)        00000
__size_of_USBStdGetStatusHandler          (abs)        00000
__size_of_USBStdSetCfgHandler             (abs)        00000
__size_of_USBSuspend                      (abs)        00000
__size_of_USBTransferOnePacket            (abs)        00000
__size_of_USBWakeFromSuspend              (abs)        00000
__size_of_USER_USB_CALLBACK_EVENT_HANDLER (abs)        00000
__size_of_main                            (abs)        00000
__size_of_memset                          (abs)        00000
__stringtab                               strings      0020B
_ble_pitch                                bssBANK1     000EA
_ble_timestamp                            bssBANK0     00056
_ble_velocity                             bssBANK1     000EB
_configDescriptor1                        strings      00210
_controlTransferState                     bssBANK0     00057
_device_dsc                               strings      002C3
_endpoint_number                          bssBANK1     000EC
_ep_data_in                               bssBANK2     00126
_ep_data_out                              bssBANK2     00128
_inPipes                                  bssBANK0     0005A
_main                                     maintext     00DB0
_memset                                   text12       00D36
_midiData                                 (abs)        001A0
_msCounter                                bssBANK1     000ED
_outPipes                                 bssBANK2     00120
_pBDTEntryEP0OutCurrent                   bssBANK0     00058
_pBDTEntryEP0OutNext                      bssBANK0     00059
_pBDTEntryIn                              bssBANK0     00052
_pBDTEntryOut                             bssBANK1     000E0
_pDst                                     bssBANK1     000EE
_sd000                                    strings      002D5
_sd001                                    strings      00275
_sd002                                    strings      002A9
_shortPacketStatus                        bssBANK1     000EF
btemp                                     (abs)        0007E
clear_ram0                                clrtext      00CB6
end_of_initialization                     cinit        00DAD
intlevel0                                 functab      00000
intlevel1                                 functab      00000
intlevel2                                 functab      00000
intlevel3                                 functab      00000
intlevel4                                 functab      00000
intlevel5                                 functab      00000
memset@c                                  cstackCOMMON 00070
memset@n                                  cstackCOMMON 00072
memset@p                                  cstackCOMMON 00075
memset@p1                                 cstackCOMMON 00074
reset_vec                                 reset_vec    00000
start                                     init         00006
start_initialization                      cinit        00D95
wtemp0                                    (abs)        0007E


FUNCTION INFORMATION:

 *************** function _main *****************
 Defined at:
		line 35 in file "../src/main.c"
 Parameters:    Size  Location     Type
		None
 Auto vars:     Size  Location     Type
		None
 Return value:  Size  Location     Type
		None               void
 Registers used:
		wreg, fsr0l, fsr0h, fsr1l, fsr1h, fsr1l, fsr1h, status,2, status,0, btemp+1, pclath, cstack
 Tracked objects:
		On entry : 
		On exit  : 
		Unchanged: 
 Data sizes:     COMMON   BANK0   BANK1   BANK2   BANK3   BANK4   BANK5   BANK6   BANK7   BANK8   BANK9  BANK10  BANK11  BANK12
      Params:         0       0       0       0       0       0       0       0       0       0       0       0       0       0
      Locals:         0       0       0       0       0       0       0       0       0       0       0       0       0       0
      Temps:          0       0       0       0       0       0       0       0       0       0       0       0       0       0
      Totals:         0       0       0       0       0       0       0       0       0       0       0       0       0       0
Total ram usage:        0 bytes
 Hardware stack levels required when called:   10
 This function calls:
		_SYSTEM_Initialize
		_USBDeviceInit
		_BLEDeviceInit
		_APP_DeviceAudioMIDITasks
		_USBDeviceTasks
 This function is called by:
		Startup code after reset
 This function uses a non-reentrant model


 *************** function _USBDeviceTasks *****************
 Defined at:
		line 497 in file "../framework/usb/usb_device.c"
 Parameters:    Size  Location     Type
		None
 Auto vars:     Size  Location     Type
  i               1   13[BANK0 ] unsigned char 
 Return value:  Size  Location     Type
		None               void
 Registers used:
		wreg, fsr0l, fsr0h, fsr1l, fsr1h, fsr1l, fsr1h, status,2, status,0, btemp+1, pclath, cstack
 Tracked objects:
		On entry : 
		On exit  : 
		Unchanged: 
 Data sizes:     COMMON   BANK0   BANK1   BANK2   BANK3   BANK4   BANK5   BANK6   BANK7   BANK8   BANK9  BANK10  BANK11  BANK12
      Params:         0       0       0       0       0       0       0       0       0       0       0       0       0       0
      Locals:         0       1       0       0       0       0       0       0       0       0       0       0       0       0
      Temps:          0       1       0       0       0       0       0       0       0       0       0       0       0       0
      Totals:         0       2       0       0       0       0       0       0       0       0       0       0       0       0
Total ram usage:        2 bytes
 Hardware stack levels used:    1
 Hardware stack levels required when called:    9
 This function calls:
		_USBDeviceInit
		_USER_USB_CALLBACK_EVENT_HANDLER
		_USBWakeFromSuspend
		_USBSuspend
		_USBIncrement1msInternalTimers
		_USBCtrlEPAllowStatusStage
		_USBStallHandler
		_USBCtrlEPService
 This function is called by:
		_main
 This function uses a non-reentrant model


 *************** function _USBCtrlEPService *****************
 Defined at:
		line 2392 in file "../framework/usb/usb_device.c"
 Parameters:    Size  Location     Type
		None
 Auto vars:     Size  Location     Type
  setup_cnt       1   11[BANK0 ] unsigned char 
 Return value:  Size  Location     Type
		None               void
 Registers used:
		wreg, fsr0l, fsr0h, fsr1l, fsr1h, fsr1l, fsr1h, status,2, status,0, btemp+1, pclath, cstack
 Tracked objects:
		On entry : 
		On exit  : 
		Unchanged: 
 Data sizes:     COMMON   BANK0   BANK1   BANK2   BANK3   BANK4   BANK5   BANK6   BANK7   BANK8   BANK9  BANK10  BANK11  BANK12
      Params:         0       0       0       0       0       0       0       0       0       0       0       0       0       0
      Locals:         0       1       0       0       0       0       0       0       0       0       0       0       0       0
      Temps:          0       2       0       0       0       0       0       0       0       0       0       0       0       0
      Totals:         0       3       0       0       0       0       0       0       0       0       0       0       0       0
Total ram usage:        3 bytes
 Hardware stack levels used:    1
 Hardware stack levels required when called:    8
 This function calls:
		_USBCtrlTrfSetupHandler
		_USBCtrlTrfOutHandler
		_USBCtrlTrfInHandler
 This function is called by:
		_USBDeviceTasks
 This function uses a non-reentrant model


 *************** function _USBCtrlTrfInHandler *****************
 Defined at:
		line 2618 in file "../framework/usb/usb_device.c"
 Parameters:    Size  Location     Type
		None
 Auto vars:     Size  Location     Type
  lastDTS         1    3[COMMON] unsigned char 
 Return value:  Size  Location     Type
		None               void
 Registers used:
		wreg, fsr0l, fsr0h, fsr1l, fsr1h, status,2, status,0, pclath, cstack
 Tracked objects:
		On entry : 
		On exit  : 
		Unchanged: 
 Data sizes:     COMMON   BANK0   BANK1   BANK2   BANK3   BANK4   BANK5   BANK6   BANK7   BANK8   BANK9  BANK10  BANK11  BANK12
      Params:         0       0       0       0       0       0       0       0       0       0       0       0       0       0
      Locals:         1       0       0       0       0       0       0       0       0       0       0       0       0       0
      Temps:          2       0       0       0       0       0       0       0       0       0       0       0       0       0
      Totals:         3       0       0       0       0       0       0       0       0       0       0       0       0       0
Total ram usage:        3 bytes
 Hardware stack levels used:    1
 Hardware stack levels required when called:    2
 This function calls:
		_USBCtrlTrfTxService
 This function is called by:
		_USBCtrlEPService
 This function uses a non-reentrant model


 *************** function _USBCtrlTrfOutHandler *****************
 Defined at:
		line 2564 in file "../framework/usb/usb_device.c"
 Parameters:    Size  Location     Type
		None
 Auto vars:     Size  Location     Type
		None
 Return value:  Size  Location     Type
		None               void
 Registers used:
		wreg, fsr0l, fsr0h, fsr1l, fsr1h, status,2, status,0, pclath, cstack
 Tracked objects:
		On entry : 
		On exit  : 
		Unchanged: 
 Data sizes:     COMMON   BANK0   BANK1   BANK2   BANK3   BANK4   BANK5   BANK6   BANK7   BANK8   BANK9  BANK10  BANK11  BANK12
      Params:         0       0       0       0       0       0       0       0       0       0       0       0       0       0
      Locals:         0       0       0       0       0       0       0       0       0       0       0       0       0       0
      Temps:          2       0       0       0       0       0       0       0       0       0       0       0       0       0
      Totals:         2       0       0       0       0       0       0       0       0       0       0       0       0       0
Total ram usage:        2 bytes
 Hardware stack levels used:    1
 Hardware stack levels required when called:    3
 This function calls:
		_USBCtrlTrfRxService
 This function is called by:
		_USBCtrlEPService
 This function uses a non-reentrant model


 *************** function _USBCtrlTrfRxService *****************
 Defined at:
		line 1872 in file "../framework/usb/usb_device.c"
 Parameters:    Size  Location     Type
		None
 Auto vars:     Size  Location     Type
  byteToRead      1    5[COMMON] unsigned char 
  i               1    4[COMMON] unsigned char 
 Return value:  Size  Location     Type
		None               void
 Registers used:
		wreg, fsr0l, fsr0h, fsr1l, fsr1h, status,2, status,0, pclath, cstack
 Tracked objects:
		On entry : 
		On exit  : 
		Unchanged: 
 Data sizes:     COMMON   BANK0   BANK1   BANK2   BANK3   BANK4   BANK5   BANK6   BANK7   BANK8   BANK9  BANK10  BANK11  BANK12
      Params:         0       0       0       0       0       0       0       0       0       0       0       0       0       0
      Locals:         2       0       0       0       0       0       0       0       0       0       0       0       0       0
      Temps:          2       0       0       0       0       0       0       0       0       0       0       0       0       0
      Totals:         4       0       0       0       0       0       0       0       0       0       0       0       0       0
Total ram usage:        4 bytes
 Hardware stack levels used:    1
 Hardware stack levels required when called:    2
 This function calls:
		_USBCtrlEPAllowStatusStage
 This function is called by:
		_USBCtrlTrfOutHandler
 This function uses a non-reentrant model


 *************** function _USBCtrlTrfSetupHandler *****************
 Defined at:
		line 2492 in file "../framework/usb/usb_device.c"
 Parameters:    Size  Location     Type
		None
 Auto vars:     Size  Location     Type
		None
 Return value:  Size  Location     Type
		None               void
 Registers used:
		wreg, fsr0l, fsr0h, fsr1l, fsr1h, fsr1l, fsr1h, status,2, status,0, btemp+1, pclath, cstack
 Tracked objects:
		On entry : 
		On exit  : 
		Unchanged: 
 Data sizes:     COMMON   BANK0   BANK1   BANK2   BANK3   BANK4   BANK5   BANK6   BANK7   BANK8   BANK9  BANK10  BANK11  BANK12
      Params:         0       0       0       0       0       0       0       0       0       0       0       0       0       0
      Locals:         0       0       0       0       0       0       0       0       0       0       0       0       0       0
      Temps:          0       0       0       0       0       0       0       0       0       0       0       0       0       0
      Totals:         0       0       0       0       0       0       0       0       0       0       0       0       0       0
Total ram usage:        0 bytes
 Hardware stack levels used:    1
 Hardware stack levels required when called:    7
 This function calls:
		_USER_USB_CALLBACK_EVENT_HANDLER
		_USBCtrlEPServiceComplete
		_USBCheckStdRequest
 This function is called by:
		_USBCtrlEPService
 This function uses a non-reentrant model


 *************** function _USBCheckStdRequest *****************
 Defined at:
		line 2712 in file "../framework/usb/usb_device.c"
 Parameters:    Size  Location     Type
		None
 Auto vars:     Size  Location     Type
		None
 Return value:  Size  Location     Type
		None               void
 Registers used:
		wreg, fsr0l, fsr0h, fsr1l, fsr1h, fsr1l, fsr1h, status,2, status,0, btemp+1, pclath, cstack
 Tracked objects:
		On entry : 
		On exit  : 
		Unchanged: 
 Data sizes:     COMMON   BANK0   BANK1   BANK2   BANK3   BANK4   BANK5   BANK6   BANK7   BANK8   BANK9  BANK10  BANK11  BANK12
      Params:         0       0       0       0       0       0       0       0       0       0       0       0       0       0
      Locals:         0       0       0       0       0       0       0       0       0       0       0       0       0       0
      Temps:          0       0       0       0       0       0       0       0       0       0       0       0       0       0
      Totals:         0       0       0       0       0       0       0       0       0       0       0       0       0       0
Total ram usage:        0 bytes
 Hardware stack levels used:    1
 Hardware stack levels required when called:    6
 This function calls:
		_USER_USB_CALLBACK_EVENT_HANDLER
		_USBStdSetCfgHandler
		_USBStdGetDscHandler
		_USBStdGetStatusHandler
		_USBStdFeatureReqHandler
 This function is called by:
		_USBCtrlTrfSetupHandler
 This function uses a non-reentrant model


 *************** function _USBStdFeatureReqHandler *****************
 Defined at:
		line 2780 in file "../framework/usb/usb_device.c"
 Parameters:    Size  Location     Type
		None
 Auto vars:     Size  Location     Type
  pUEP            2    5[BANK0 ] PTR unsigned char 
		 -> UEP0(1), 
  p               1    8[BANK0 ] PTR struct __BDT
		 -> BDT(32), NULL(0), 
  current_ep_d    1    7[BANK0 ] struct .
 Return value:  Size  Location     Type
		None               void
 Registers used:
		wreg, fsr0l, fsr0h, fsr1l, fsr1h, fsr1l, fsr1h, status,2, status,0, btemp+1, pclath, cstack
 Tracked objects:
		On entry : 
		On exit  : 
		Unchanged: 
 Data sizes:     COMMON   BANK0   BANK1   BANK2   BANK3   BANK4   BANK5   BANK6   BANK7   BANK8   BANK9  BANK10  BANK11  BANK12
      Params:         0       0       0       0       0       0       0       0       0       0       0       0       0       0
      Locals:         0       4       0       0       0       0       0       0       0       0       0       0       0       0
      Temps:          2       0       0       0       0       0       0       0       0       0       0       0       0       0
      Totals:         2       4       0       0       0       0       0       0       0       0       0       0       0       0
Total ram usage:        6 bytes
 Hardware stack levels used:    1
 Hardware stack levels required when called:    5
 This function calls:
		_USER_USB_CALLBACK_EVENT_HANDLER
 This function is called by:
		_USBCheckStdRequest
 This function uses a non-reentrant model


 *************** function _USBStdGetStatusHandler *****************
 Defined at:
		line 2149 in file "../framework/usb/usb_device.c"
 Parameters:    Size  Location     Type
		None
 Auto vars:     Size  Location     Type
  p               1    0[COMMON] PTR struct __BDT
		 -> BDT(32), NULL(0), 
 Return value:  Size  Location     Type
		None               void
 Registers used:
		wreg, fsr0l, fsr0h, fsr1l, fsr1h, status,2, status,0
 Tracked objects:
		On entry : 
		On exit  : 
		Unchanged: 
 Data sizes:     COMMON   BANK0   BANK1   BANK2   BANK3   BANK4   BANK5   BANK6   BANK7   BANK8   BANK9  BANK10  BANK11  BANK12
      Params:         0       0       0       0       0       0       0       0       0       0       0       0       0       0
      Locals:         1       0       0       0       0       0       0       0       0       0       0       0       0       0
      Temps:          0       0       0       0       0       0       0       0       0       0       0       0       0       0
      Totals:         1       0       0       0       0       0       0       0       0       0       0       0       0       0
Total ram usage:        1 bytes
 Hardware stack levels used:    1
 Hardware stack levels required when called:    1
 This function calls:
		Nothing
 This function is called by:
		_USBCheckStdRequest
 This function uses a non-reentrant model


 *************** function _USBStdGetDscHandler *****************
 Defined at:
		line 2063 in file "../framework/usb/usb_device.c"
 Parameters:    Size  Location     Type
		None
 Auto vars:     Size  Location     Type
		None
 Return value:  Size  Location     Type
		None               void
 Registers used:
		wreg, fsr0l, fsr0h, status,2, status,0, pclath
 Tracked objects:
		On entry : 
		On exit  : 
		Unchanged: 
 Data sizes:     COMMON   BANK0   BANK1   BANK2   BANK3   BANK4   BANK5   BANK6   BANK7   BANK8   BANK9  BANK10  BANK11  BANK12
      Params:         0       0       0       0       0       0       0       0       0       0       0       0       0       0
      Locals:         0       0       0       0       0       0       0       0       0       0       0       0       0       0
      Temps:          2       0       0       0       0       0       0       0       0       0       0       0       0       0
      Totals:         2       0       0       0       0       0       0       0       0       0       0       0       0       0
Total ram usage:        2 bytes
 Hardware stack levels used:    1
 Hardware stack levels required when called:    1
 This function calls:
		Nothing
 This function is called by:
		_USBCheckStdRequest
 This function uses a non-reentrant model


 *************** function _USBStdSetCfgHandler *****************
 Defined at:
		line 1988 in file "../framework/usb/usb_device.c"
 Parameters:    Size  Location     Type
		None
 Auto vars:     Size  Location     Type
  p               2   10[COMMON] PTR unsigned char 
		 -> UEP1(1), 
  i               1   12[COMMON] unsigned char 
  i               1   13[COMMON] unsigned char 
 Return value:  Size  Location     Type
		None               void
 Registers used:
		wreg, fsr0l, fsr0h, fsr1l, fsr1h, fsr1l, fsr1h, status,2, status,0, btemp+1, pclath, cstack
 Tracked objects:
		On entry : 
		On exit  : 
		Unchanged: 
 Data sizes:     COMMON   BANK0   BANK1   BANK2   BANK3   BANK4   BANK5   BANK6   BANK7   BANK8   BANK9  BANK10  BANK11  BANK12
      Params:         0       0       0       0       0       0       0       0       0       0       0       0       0       0
      Locals:         4       0       0       0       0       0       0       0       0       0       0       0       0       0
      Temps:          0       0       0       0       0       0       0       0       0       0       0       0       0       0
      Totals:         4       0       0       0       0       0       0       0       0       0       0       0       0       0
Total ram usage:        4 bytes
 Hardware stack levels used:    1
 Hardware stack levels required when called:    5
 This function calls:
		_USER_USB_CALLBACK_EVENT_HANDLER
		_memset
 This function is called by:
		_USBCheckStdRequest
 This function uses a non-reentrant model


 *************** function _memset *****************
 Defined at:
		line 10 in file "C:\Program Files (x86)\Microchip\xc8\v1.20\sources\common\memset.c"
 Parameters:    Size  Location     Type
  p1              1    wreg     PTR void 
		 -> USBAlternateInterface(1), BDT(32), 
  c               2    0[COMMON] int 
  n               2    2[COMMON] unsigned int 
 Auto vars:     Size  Location     Type
  p1              1    4[COMMON] PTR void 
		 -> USBAlternateInterface(1), BDT(32), 
  p               1    5[COMMON] PTR unsigned char 
		 -> USBAlternateInterface(1), BDT(32), 
 Return value:  Size  Location     Type
                  1    wreg      PTR void 
 Registers used:
		wreg, fsr1l, fsr1h, status,2, status,0
 Tracked objects:
		On entry : 
		On exit  : 
		Unchanged: 
 Data sizes:     COMMON   BANK0   BANK1   BANK2   BANK3   BANK4   BANK5   BANK6   BANK7   BANK8   BANK9  BANK10  BANK11  BANK12
      Params:         4       0       0       0       0       0       0       0       0       0       0       0       0       0
      Locals:         2       0       0       0       0       0       0       0       0       0       0       0       0       0
      Temps:          0       0       0       0       0       0       0       0       0       0       0       0       0       0
      Totals:         6       0       0       0       0       0       0       0       0       0       0       0       0       0
Total ram usage:        6 bytes
 Hardware stack levels used:    1
 Hardware stack levels required when called:    1
 This function calls:
		Nothing
 This function is called by:
		_USBStdSetCfgHandler
 This function uses a non-reentrant model


 *************** function _USBCtrlEPServiceComplete *****************
 Defined at:
		line 1636 in file "../framework/usb/usb_device.c"
 Parameters:    Size  Location     Type
		None
 Auto vars:     Size  Location     Type
		None
 Return value:  Size  Location     Type
		None               void
 Registers used:
		wreg, fsr0l, fsr0h, fsr1l, fsr1h, status,2, status,0, pclath, cstack
 Tracked objects:
		On entry : 
		On exit  : 
		Unchanged: 
 Data sizes:     COMMON   BANK0   BANK1   BANK2   BANK3   BANK4   BANK5   BANK6   BANK7   BANK8   BANK9  BANK10  BANK11  BANK12
      Params:         0       0       0       0       0       0       0       0       0       0       0       0       0       0
      Locals:         0       0       0       0       0       0       0       0       0       0       0       0       0       0
      Temps:          2       0       0       0       0       0       0       0       0       0       0       0       0       0
      Totals:         2       0       0       0       0       0       0       0       0       0       0       0       0       0
Total ram usage:        2 bytes
 Hardware stack levels used:    1
 Hardware stack levels required when called:    3
 This function calls:
		_USBCtrlEPAllowStatusStage
		_USBCtrlEPAllowDataStage
 This function is called by:
		_USBCtrlTrfSetupHandler
 This function uses a non-reentrant model


 *************** function _USBCtrlEPAllowDataStage *****************
 Defined at:
		line 1508 in file "../framework/usb/usb_device.c"
 Parameters:    Size  Location     Type
		None
 Auto vars:     Size  Location     Type
		None
 Return value:  Size  Location     Type
		None               void
 Registers used:
		wreg, fsr0l, fsr0h, fsr1l, fsr1h, status,2, status,0, pclath, cstack
 Tracked objects:
		On entry : 
		On exit  : 
		Unchanged: 
 Data sizes:     COMMON   BANK0   BANK1   BANK2   BANK3   BANK4   BANK5   BANK6   BANK7   BANK8   BANK9  BANK10  BANK11  BANK12
      Params:         0       0       0       0       0       0       0       0       0       0       0       0       0       0
      Locals:         0       0       0       0       0       0       0       0       0       0       0       0       0       0
      Temps:          2       0       0       0       0       0       0       0       0       0       0       0       0       0
      Totals:         2       0       0       0       0       0       0       0       0       0       0       0       0       0
Total ram usage:        2 bytes
 Hardware stack levels used:    1
 Hardware stack levels required when called:    2
 This function calls:
		_USBCtrlTrfTxService
 This function is called by:
		_USBCtrlEPServiceComplete
 This function uses a non-reentrant model


 *************** function _USBCtrlTrfTxService *****************
 Defined at:
		line 1791 in file "../framework/usb/usb_device.c"
 Parameters:    Size  Location     Type
		None
 Auto vars:     Size  Location     Type
  byteToSend      1    0[COMMON] unsigned char 
 Return value:  Size  Location     Type
		None               void
 Registers used:
		wreg, fsr0l, fsr0h, fsr1l, fsr1h, status,2, status,0, pclath
 Tracked objects:
		On entry : 
		On exit  : 
		Unchanged: 
 Data sizes:     COMMON   BANK0   BANK1   BANK2   BANK3   BANK4   BANK5   BANK6   BANK7   BANK8   BANK9  BANK10  BANK11  BANK12
      Params:         0       0       0       0       0       0       0       0       0       0       0       0       0       0
      Locals:         1       0       0       0       0       0       0       0       0       0       0       0       0       0
      Temps:          0       0       0       0       0       0       0       0       0       0       0       0       0       0
      Totals:         1       0       0       0       0       0       0       0       0       0       0       0       0       0
Total ram usage:        1 bytes
 Hardware stack levels used:    1
 Hardware stack levels required when called:    1
 This function calls:
		Nothing
 This function is called by:
		_USBCtrlEPAllowDataStage
		_USBCtrlTrfInHandler
 This function uses a non-reentrant model


 *************** function _USBCtrlEPAllowStatusStage *****************
 Defined at:
		line 1436 in file "../framework/usb/usb_device.c"
 Parameters:    Size  Location     Type
		None
 Auto vars:     Size  Location     Type
		None
 Return value:  Size  Location     Type
		None               void
 Registers used:
[...]
      Temps:          0       0       0       0       0       0       0       0       0       0       0       0       0       0
      Totals:         6       0       0       0       0       0       0       0       0       0       0       0       0       0
Total ram usage:        6 bytes
 Hardware stack levels used:    1
 Hardware stack levels required when called:    2
 This function calls:
		_SPI_HasReceiveOverflowOccured
		_SPI_ClearReceiveOverflowStatus
		_SPI_HasWriteCollisionOccured
		_SPI_ClearWriteCollisionStatus
		_SPI_Exchange8bit
 This function is called by:
		_APP_DeviceAudioMIDITasks
 This function uses a non-reentrant model


 *************** function _SPI_Exchange8bit *****************
 Defined at:
		line 77 in file "../src/spi.c"
 Parameters:    Size  Location     Type
  data            1    wreg     unsigned char 
 Auto vars:     Size  Location     Type
  data            1    0[COMMON] unsigned char 
  dummyRead       1    0        unsigned char 
 Return value:  Size  Location     Type
                  1    wreg      unsigned char 
 Registers used:
		wreg
 Tracked objects:
		On entry : 
		On exit  : 
		Unchanged: 
 Data sizes:     COMMON   BANK0   BANK1   BANK2   BANK3   BANK4   BANK5   BANK6   BANK7   BANK8   BANK9  BANK10  BANK11  BANK12
      Params:         0       0       0       0       0       0       0       0       0       0       0       0       0       0
      Locals:         1       0       0       0       0       0       0       0       0       0       0       0       0       0
      Temps:          0       0       0       0       0       0       0       0       0       0       0       0       0       0
      Totals:         1       0       0       0       0       0       0       0       0       0       0       0       0       0
Total ram usage:        1 bytes
 Hardware stack levels used:    1
 Hardware stack levels required when called:    1
 This function calls:
		Nothing
 This function is called by:
		_SendMidiData
 This function uses a non-reentrant model


 *************** function _SPI_ClearWriteCollisionStatus *****************
 Defined at:
		line 127 in file "../src/spi.c"
 Parameters:    Size  Location     Type
		None
 Auto vars:     Size  Location     Type
		None
 Return value:  Size  Location     Type
		None               void
 Registers used:
		None
 Tracked objects:
		On entry : 
		On exit  : 
		Unchanged: 
 Data sizes:     COMMON   BANK0   BANK1   BANK2   BANK3   BANK4   BANK5   BANK6   BANK7   BANK8   BANK9  BANK10  BANK11  BANK12
      Params:         0       0       0       0       0       0       0       0       0       0       0       0       0       0
      Locals:         0       0       0       0       0       0       0       0       0       0       0       0       0       0
      Temps:          0       0       0       0       0       0       0       0       0       0       0       0       0       0
      Totals:         0       0       0       0       0       0       0       0       0       0       0       0       0       0
Total ram usage:        0 bytes
 Hardware stack levels used:    1
 Hardware stack levels required when called:    1
 This function calls:
		Nothing
 This function is called by:
		_SendMidiData
 This function uses a non-reentrant model


 *************** function _SPI_HasWriteCollisionOccured *****************
 Defined at:
		line 123 in file "../src/spi.c"
 Parameters:    Size  Location     Type
		None
 Auto vars:     Size  Location     Type
		None
 Return value:  Size  Location     Type
                  1    wreg      unsigned char 
 Registers used:
		wreg, status,2, status,0
 Tracked objects:
		On entry : 
		On exit  : 
		Unchanged: 
 Data sizes:     COMMON   BANK0   BANK1   BANK2   BANK3   BANK4   BANK5   BANK6   BANK7   BANK8   BANK9  BANK10  BANK11  BANK12
      Params:         0       0       0       0       0       0       0       0       0       0       0       0       0       0
      Locals:         0       0       0       0       0       0       0       0       0       0       0       0       0       0
      Temps:          0       0       0       0       0       0       0       0       0       0       0       0       0       0
      Totals:         0       0       0       0       0       0       0       0       0       0       0       0       0       0
Total ram usage:        0 bytes
 Hardware stack levels used:    1
 Hardware stack levels required when called:    1
 This function calls:
		Nothing
 This function is called by:
		_SendMidiData
 This function uses a non-reentrant model


 *************** function _SPI_ClearReceiveOverflowStatus *****************
 Defined at:
		line 135 in file "../src/spi.c"
 Parameters:    Size  Location     Type
		None
 Auto vars:     Size  Location     Type
		None
 Return value:  Size  Location     Type
		None               void
 Registers used:
		None
 Tracked objects:
		On entry : 
		On exit  : 
		Unchanged: 
 Data sizes:     COMMON   BANK0   BANK1   BANK2   BANK3   BANK4   BANK5   BANK6   BANK7   BANK8   BANK9  BANK10  BANK11  BANK12
      Params:         0       0       0       0       0       0       0       0       0       0       0       0       0       0
      Locals:         0       0       0       0       0       0       0       0       0       0       0       0       0       0
      Temps:          0       0       0       0       0       0       0       0       0       0       0       0       0       0
      Totals:         0       0       0       0       0       0       0       0       0       0       0       0       0       0
Total ram usage:        0 bytes
 Hardware stack levels used:    1
 Hardware stack levels required when called:    1
 This function calls:
		Nothing
 This function is called by:
		_SendMidiData
 This function uses a non-reentrant model


 *************** function _SPI_HasReceiveOverflowOccured *****************
 Defined at:
		line 131 in file "../src/spi.c"
 Parameters:    Size  Location     Type
		None
 Auto vars:     Size  Location     Type
		None
 Return value:  Size  Location     Type
                  1    wreg      unsigned char 
 Registers used:
		wreg, status,2, status,0
 Tracked objects:
		On entry : 
		On exit  : 
		Unchanged: 
 Data sizes:     COMMON   BANK0   BANK1   BANK2   BANK3   BANK4   BANK5   BANK6   BANK7   BANK8   BANK9  BANK10  BANK11  BANK12
      Params:         0       0       0       0       0       0       0       0       0       0       0       0       0       0
      Locals:         0       0       0       0       0       0       0       0       0       0       0       0       0       0
      Temps:          0       0       0       0       0       0       0       0       0       0       0       0       0       0
      Totals:         0       0       0       0       0       0       0       0       0       0       0       0       0       0
Total ram usage:        0 bytes
 Hardware stack levels used:    1
 Hardware stack levels required when called:    1
 This function calls:
		Nothing
 This function is called by:
		_SendMidiData
 This function uses a non-reentrant model


 *************** function _USBTransferOnePacket *****************
 Defined at:
		line 1015 in file "../framework/usb/usb_device.c"
 Parameters:    Size  Location     Type
  ep              1    wreg     unsigned char 
  dir             1    0[COMMON] unsigned char 
  data            2    1[COMMON] PTR unsigned char 
		 -> midiData(4), ReceivedDataBuffer(64), 
  len             1    3[COMMON] unsigned char 
 Auto vars:     Size  Location     Type
  ep              1    6[COMMON] unsigned char 
  handle          1    7[COMMON] PTR volatile struct __BD
		 -> BDT(32), NULL(0), 
 Return value:  Size  Location     Type
                  1    wreg      PTR void 
 Registers used:
		wreg, fsr1l, fsr1h, status,2, status,0
 Tracked objects:
		On entry : 
		On exit  : 
		Unchanged: 
 Data sizes:     COMMON   BANK0   BANK1   BANK2   BANK3   BANK4   BANK5   BANK6   BANK7   BANK8   BANK9  BANK10  BANK11  BANK12
      Params:         4       0       0       0       0       0       0       0       0       0       0       0       0       0
      Locals:         2       0       0       0       0       0       0       0       0       0       0       0       0       0
      Temps:          2       0       0       0       0       0       0       0       0       0       0       0       0       0
      Totals:         8       0       0       0       0       0       0       0       0       0       0       0       0       0
Total ram usage:        8 bytes
 Hardware stack levels used:    1
 Hardware stack levels required when called:    1
 This function calls:
		Nothing
 This function is called by:
		_APP_DeviceAudioMIDIInitialize
		_APP_DeviceAudioMIDITasks
 This function uses a non-reentrant model


 *************** function _BLEDeviceInit *****************
 Defined at:
		line 52 in file "../src/app_device_ble_midi.c"
 Parameters:    Size  Location     Type
		None
 Auto vars:     Size  Location     Type
		None
 Return value:  Size  Location     Type
		None               void
 Registers used:
		wreg, status,2, status,0, pclath, cstack
 Tracked objects:
		On entry : 
		On exit  : 
		Unchanged: 
 Data sizes:     COMMON   BANK0   BANK1   BANK2   BANK3   BANK4   BANK5   BANK6   BANK7   BANK8   BANK9  BANK10  BANK11  BANK12
      Params:         0       0       0       0       0       0       0       0       0       0       0       0       0       0
      Locals:         0       0       0       0       0       0       0       0       0       0       0       0       0       0
      Temps:          0       0       0       0       0       0       0       0       0       0       0       0       0       0
      Totals:         0       0       0       0       0       0       0       0       0       0       0       0       0       0
Total ram usage:        0 bytes
 Hardware stack levels used:    1
 Hardware stack levels required when called:    2
 This function calls:
		_PIN_MANAGER_Initialize
		_SPI_Initialize
 This function is called by:
		_main
 This function uses a non-reentrant model


 *************** function _SPI_Initialize *****************
 Defined at:
		line 64 in file "../src/spi.c"
 Parameters:    Size  Location     Type
		None
 Auto vars:     Size  Location     Type
		None
 Return value:  Size  Location     Type
		None               void
 Registers used:
		wreg, status,2
 Tracked objects:
		On entry : 
		On exit  : 
		Unchanged: 
 Data sizes:     COMMON   BANK0   BANK1   BANK2   BANK3   BANK4   BANK5   BANK6   BANK7   BANK8   BANK9  BANK10  BANK11  BANK12
      Params:         0       0       0       0       0       0       0       0       0       0       0       0       0       0
      Locals:         0       0       0       0       0       0       0       0       0       0       0       0       0       0
      Temps:          0       0       0       0       0       0       0       0       0       0       0       0       0       0
      Totals:         0       0       0       0       0       0       0       0       0       0       0       0       0       0
Total ram usage:        0 bytes
 Hardware stack levels used:    1
 Hardware stack levels required when called:    1
 This function calls:
		Nothing
 This function is called by:
		_BLEDeviceInit
 This function uses a non-reentrant model


 *************** function _PIN_MANAGER_Initialize *****************
 Defined at:
		line 50 in file "../src/pin_manager.c"
 Parameters:    Size  Location     Type
		None
 Auto vars:     Size  Location     Type
		None
 Return value:  Size  Location     Type
		None               void
 Registers used:
		None
 Tracked objects:
		On entry : 
		On exit  : 
		Unchanged: 
 Data sizes:     COMMON   BANK0   BANK1   BANK2   BANK3   BANK4   BANK5   BANK6   BANK7   BANK8   BANK9  BANK10  BANK11  BANK12
      Params:         0       0       0       0       0       0       0       0       0       0       0       0       0       0
      Locals:         0       0       0       0       0       0       0       0       0       0       0       0       0       0
      Temps:          0       0       0       0       0       0       0       0       0       0       0       0       0       0
      Totals:         0       0       0       0       0       0       0       0       0       0       0       0       0       0
Total ram usage:        0 bytes
 Hardware stack levels used:    1
 Hardware stack levels required when called:    1
 This function calls:
		Nothing
 This function is called by:
		_BLEDeviceInit
 This function uses a non-reentrant model


 *************** function _SYSTEM_Initialize *****************
 Defined at:
		line 87 in file "../src/pic16f1459/system.c"
 Parameters:    Size  Location     Type
  state           1    wreg     enum E2634
 Auto vars:     Size  Location     Type
  state           1    1[COMMON] enum E2634
 Return value:  Size  Location     Type
		None               void
 Registers used:
		wreg, fsr0l, fsr0h, status,2, status,0, pclath, cstack
 Tracked objects:
		On entry : 
		On exit  : 
		Unchanged: 
 Data sizes:     COMMON   BANK0   BANK1   BANK2   BANK3   BANK4   BANK5   BANK6   BANK7   BANK8   BANK9  BANK10  BANK11  BANK12
      Params:         0       0       0       0       0       0       0       0       0       0       0       0       0       0
      Locals:         1       0       0       0       0       0       0       0       0       0       0       0       0       0
      Temps:          0       0       0       0       0       0       0       0       0       0       0       0       0       0
      Totals:         1       0       0       0       0       0       0       0       0       0       0       0       0       0
Total ram usage:        1 bytes
 Hardware stack levels used:    1
 Hardware stack levels required when called:    2
 This function calls:
		_LED_Enable
 This function is called by:
		_main
 This function uses a non-reentrant model


 *************** function _LED_Enable *****************
 Defined at:
		line 221 in file "../bsp/pic16f1459/leds.c"
 Parameters:    Size  Location     Type
  led             1    wreg     enum E2
 Auto vars:     Size  Location     Type
  led             1    0[COMMON] enum E2
 Return value:  Size  Location     Type
		None               void
 Registers used:
		wreg, fsr0l, fsr0h, status,2, status,0
 Tracked objects:
		On entry : 
		On exit  : 
		Unchanged: 
 Data sizes:     COMMON   BANK0   BANK1   BANK2   BANK3   BANK4   BANK5   BANK6   BANK7   BANK8   BANK9  BANK10  BANK11  BANK12
      Params:         0       0       0       0       0       0       0       0       0       0       0       0       0       0
      Locals:         1       0       0       0       0       0       0       0       0       0       0       0       0       0
      Temps:          0       0       0       0       0       0       0       0       0       0       0       0       0       0
      Totals:         1       0       0       0       0       0       0       0       0       0       0       0       0       0
Total ram usage:        1 bytes
 Hardware stack levels used:    1
 Hardware stack levels required when called:    1
 This function calls:
		Nothing
 This function is called by:
		_SYSTEM_Initialize
 This function uses a non-reentrant model


 *************** function _SYS_InterruptHigh *****************
 Defined at:
		line 113 in file "../src/pic16f1459/system.c"
 Parameters:    Size  Location     Type
		None
 Auto vars:     Size  Location     Type
		None
 Return value:  Size  Location     Type
		None               void
 Registers used:
		None
 Tracked objects:
		On entry : 
		On exit  : 
		Unchanged: 
 Data sizes:     COMMON   BANK0   BANK1   BANK2   BANK3   BANK4   BANK5   BANK6   BANK7   BANK8   BANK9  BANK10  BANK11  BANK12
      Params:         0       0       0       0       0       0       0       0       0       0       0       0       0       0
      Locals:         0       0       0       0       0       0       0       0       0       0       0       0       0       0
      Temps:          0       0       0       0       0       0       0       0       0       0       0       0       0       0
      Totals:         0       0       0       0       0       0       0       0       0       0       0       0       0       0
Total ram usage:        0 bytes
 Hardware stack levels used:    1
 This function calls:
		Nothing
 This function is called by:
		Interrupt level 1
 This function uses a non-reentrant model



MODULE INFORMATION

Module		Function		Class		Link	Load	Size
../src/pic16f1459/system.c
		_SYS_InterruptH		CODE           	0004	0000	2
		_SYSTEM_Initial		CODE           	0D7C	0000	25

../src/pic16f1459/system.c estimated size: 27

../bsp/pic16f1459/leds.c
		_LED_Off       		CODE           	0D0A	0000	22
		_LED_On        		CODE           	0D20	0000	22
		_LED_Enable    		CODE           	0CF4	0000	22

../bsp/pic16f1459/leds.c estimated size: 66

shared
		_configDescript		STRING         	0210	0000	101
		_USB_CD_Ptr    		STRING         	020F	0000	1
		_sd001         		STRING         	0275	0000	52
		__stringtab    		STRING         	020B	0000	1
		_sd002         		STRING         	02A9	0000	26
		__initializatio		CODE           	0D95	0000	24
		process_level@m		STRING         	0000	0000	730
		_device_dsc    		STRING         	02C3	0000	18
		_USB_SD_Ptr    		STRING         	020C	0000	3
		_sd000         		STRING         	02D5	0000	4

shared estimated size: 960

../src/app_device_ble_midi.c
		_BLEDeviceInit 		CODE           	0CC3	0000	7
		_SendMidiData  		CODE           	0EDF	0000	63

../src/app_device_ble_midi.c estimated size: 70

../framework/usb/usb_device.c
		_USBCtrlTrfInHa		CODE           	04F5	0000	111
		_USBTransferOne		CODE           	0F68	0000	76
		_USBStdGetDscHa		CODE           	0564	0000	102
		_USBCtrlEPAllow		CODE           	0FB4	0000	76
		_USBStdFeatureR		CODE           	0008	0000	270
		_USBCtrlEPAllow		CODE           	062C	0000	98
		_USBCtrlTrfSetu		CODE           	0E74	0000	51
		_USBCtrlTrfOutH		CODE           	0E45	0000	47
		_USBCtrlEPServi		CODE           	036C	0000	132
		_USBSuspend    		CODE           	0CE1	0000	19
		_USBStdSetCfgHa		CODE           	068E	0000	94
		_USBStdGetStatu		CODE           	07A4	0000	79
		_USBWakeFromSus		CODE           	0D64	0000	24
		_USBCtrlTrfRxSe		CODE           	02DA	0000	146
		_USBCtrlTrfTxSe		CODE           	06EC	0000	94
		_USBEnableEndpo		CODE           	0DF1	0000	39
		_USBConfigureEn		CODE           	0E18	0000	45
		_USBDeviceInit 		CODE           	03F0	0000	132
		_USBIncrement1m		CODE           	0CD1	0000	16
		_USBCtrlEPServi		CODE           	05CA	0000	98
		_USBStallHandle		CODE           	0DCD	0000	36
		_USBDeviceTasks		CODE           	0116	0000	245
		_USBCheckStdReq		CODE           	0F1E	0000	74

../framework/usb/usb_device.c estimated size: 2104

../src/app_device_audio_midi.c
		_APP_DeviceAudi		CODE           	0474	0000	129
		_APP_DeviceAudi		CODE           	0D4C	0000	24
		_APP_DeviceAudi		CODE           	0CCA	0000	7

../src/app_device_audio_midi.c estimated size: 160

../src/pin_manager.c
		_PIN_MANAGER_In		CODE           	0CBC	0000	7

../src/pin_manager.c estimated size: 7

C:\Program Files (x86)\Microchip\xc8\v1.20\sources\common\memset.c
		_memset        		CODE           	0D36	0000	22

C:\Program Files (x86)\Microchip\xc8\v1.20\sources\common\memset.c estimated size: 22

../src/app_led_usb_status.c
		_APP_LEDUpdateU		CODE           	074A	0000	90

../src/app_led_usb_status.c estimated size: 90

../src/spi.c
		_SPI_ClearWrite		CODE           	0002	0000	2
		_SPI_ClearRecei		CODE           	0CA4	0000	2
		_SPI_Exchange8b		CODE           	07F3	0000	12
		_SPI_HasReceive		CODE           	0CB0	0000	6
		_SPI_Initialize		CODE           	0CAA	0000	6
		_SPI_HasWriteCo		CODE           	0CA6	0000	4

../src/spi.c estimated size: 32

../src/main.c
		_main          		CODE           	0DB0	0000	29
		_USER_USB_CALLB		CODE           	0EA7	0000	56

../src/main.c estimated size: 85

